utc_100ns=134337560929790557 step line=3: open dev
utc_100ns=134337560930281649 Open result=0 error=
device=1
utc_100ns=134337560950419142 step line=4: connect dev CAN NONE 500000 chan
connect protocol=5 flags=0 baud=500000
utc_100ns=134337560950435957 Connect result=0 error=
channel=2
utc_100ns=134337560970536010 step line=5: filter chan PASS CAN NONE 000007ff 000007e8 f1
utc_100ns=134337560970553943 StartMsgFilter result=0 error=
filter=3
utc_100ns=134337560990692981 step line=6: filter chan PASS CAN NONE 000007ff 000007e9 f2
utc_100ns=134337560990733287 StartMsgFilter result=0 error=
filter=4
utc_100ns=134337561010791696 step line=7: filter chan PASS CAN NONE 000007ff 000007ea f3
utc_100ns=134337561010797087 StartMsgFilter result=0 error=
filter=5
utc_100ns=134337561030824836 step line=8: stopfilter chan f2
utc_100ns=134337561030835118 StopMsgFilter result=0 error=
utc_100ns=134337561050958343 step line=9: filter chan PASS CAN NONE 000007ff 000007eb f4
utc_100ns=134337561050958343 StartMsgFilter result=0 error=
filter=6
utc_100ns=134337561071099117 step line=10: stopfilter chan f1
utc_100ns=134337561071099117 StopMsgFilter result=0 error=
utc_100ns=134337561091241716 step line=11: stopfilter chan f3
utc_100ns=134337561091251894 StopMsgFilter result=0 error=
utc_100ns=134337561111392767 step line=12: stopfilter chan f4
utc_100ns=134337561111412803 StopMsgFilter result=0 error=
utc_100ns=134337561131503057 step line=13: disconnect chan
utc_100ns=134337561131518780 Disconnect result=0 error=
utc_100ns=134337561151608363 step line=14: close dev
utc_100ns=134337561151617724 Close result=0 error=
