# session: steady-clock microseconds direction hex; not a USBPcap capture
15813 CONTROL 40db010000000000
16885 CONTROL_RESULT_0 
16978 OUT 0c00ea51010000000301010000000000
17218 IN 2e00c85100000100038101000000000007000000d83fdd00426f61726420616c726561647920696e206669726d7761726500
17302 OUT 0c00ea51010000000300020000000000
45936 IN 1500f351000001000380020000000000000000000000000000
46003 OUT 0c00ea51010000000901030000000000
46418 IN b4005251000001000981030000000000000000002c01000005010101b4b00000d855000000080101001001010000000000000000000000000000000000000000000000000000000000000000000000000000000000000000000000000000000000000000000000000000000000000000000000000000000000000000000000000000000000000000000000000000000000000000000000000000000000000000000000000000000000000000000000000000000000000000
46470 OUT 1000f651010000000c000400000000002b000000
46621 IN 1c00fa51000001000c8004000000000000000000580200002b00000000100101
46648 OUT 1000f651010000000c000500000000002a000000
46795 IN 1c00fa51000001000c8005000000000000000000200300002a00000000080101
46823 OUT 1000f651010000000c0006000000000003000000
46989 IN 1c00fa51000001000c8006000000000000000000e80300000300000000000000
47017 OUT 1000f651010000000c0007000000000002000000
47171 IN 1c00fa51000001000c8007000000000000000000b0040000020000007a070000
47200 OUT 0c00ea51010000000500080000000000
47706 IN 1500f35100000100058008000000000000000000a406000000
148047 CONTROL 40db000000000000
148875 CONTROL_RESULT_0 
