utc_100ns=134337539990445955 step line=5: open dev
utc_100ns=134337539990945326 Open result=0 error=
device=1
utc_100ns=134337540011021325 step line=6: connect dev ISO15765 NONE 500000 chan
connect protocol=6 flags=0 baud=500000
utc_100ns=134337540011049772 Connect result=0 error=
channel=2
utc_100ns=134337540031201347 step line=7: filter chan FLOW ISO15765 ISO15765_FRAME_PAD 0000ffff 000007e8 000007e0 fc
utc_100ns=134337540031223865 StartMsgFilter result=0 error=
filter=3
utc_100ns=134337540051260614 step line=8: write chan ISO15765 ISO15765_FRAME_PAD 000007df0902 1000
utc_100ns=134337540051270597 WriteMsgs result=0 error=
written=1
utc_100ns=134337540071417591 step line=9: read chan 16 3000
utc_100ns=134337540101574167 ReadMsgs result=9 error=Only read 3 of 16 messages
received=3
message protocol=6 rx=9 tx=64 timestamp=6031900 size=4 extra=0 data=000007df
message protocol=6 rx=2 tx=0 timestamp=6037100 size=4 extra=0 data=000007e8
message protocol=6 rx=0 tx=0 timestamp=6040500 size=24 extra=24 data=000007e8490201524544414354454456494e303030303030
read_total=3 rounds=1
utc_100ns=134337540121695248 step line=10: stopfilter chan fc
utc_100ns=134337540121705198 StopMsgFilter result=0 error=
utc_100ns=134337540141768964 step line=11: disconnect chan
utc_100ns=134337540141778988 Disconnect result=0 error=
utc_100ns=134337540161801241 step line=12: close dev
utc_100ns=134337540161953992 Close result=0 error=
