openjdk version "26.0.2.1" 2026-08-18
OpenJDK Runtime Environment (build 26.0.2.1)
OpenJDK 64-Bit Server VM (build 26.0.2.1, mixed mode)
INFO  Using log config file: jar:file:/opt/ghidra/Ghidra/Framework/Generic/lib/Generic.jar!/generic.log4j.xml (LoggingInitialization)  
INFO  Using log file: /home/dgcarr/.config/ghidra/ghidra_12.1.2_DEV/application.log (LoggingInitialization)  
INFO  Loading user preferences: /home/dgcarr/.config/ghidra/ghidra_12.1.2_DEV/preferences (Preferences)  
INFO  Searching for classes... (ClassSearcher)  
INFO  Class search complete (2753 ms) (ClassSearcher)  
WARNING: Final field name in class ghidra.util.charset.CharsetInfo has been mutated reflectively by class com.google.gson.internal.bind.ReflectiveTypeAdapterFactory$2 in unnamed module @4738a206 (file:/opt/ghidra/Ghidra/Framework/Generic/lib/gson-2.13.2.jar)
WARNING: Use --enable-final-field-mutation=ALL-UNNAMED to avoid a warning
WARNING: Mutating final fields will be blocked in a future release unless final field mutation is enabled
INFO  Initializing SSL Context (DefaultSSLContextInitializer)  
INFO  Initializing Random Number Generator... (SecureRandomFactory)  
INFO  Random Number Generator initialization complete: NativePRNGNonBlocking (SecureRandomFactory)  
INFO  Trust manager disabled, cacerts have not been set (DefaultTrustManagerFactory)  
INFO  Starting cache cleanup: /home/dgcarr/.cache/ghidra/fscache2 (FileCacheMaintenanceDaemon)  
INFO  Finished cache cleanup, estimated storage used: 0 (FileCacheMaintenanceDaemon)  
INFO  Headless startup complete (7325 ms) (AnalyzeHeadless)  
INFO  Class searcher loaded 59 extension points (20 false positives) (ClassSearcher)  
WARNING: A terminally deprecated method in sun.misc.Unsafe has been called
WARNING: sun.misc.Unsafe::staticFieldOffset has been called by org.apache.felix.framework.util.SecureAction (file:/opt/ghidra/Ghidra/Features/Base/lib/org.apache.felix.framework-7.0.5.jar)
WARNING: Please consider reporting this to the maintainers of class org.apache.felix.framework.util.SecureAction
WARNING: sun.misc.Unsafe::staticFieldOffset will be removed in a future release
INFO  HEADLESS Script Paths:
    /opt/ghidra/Ghidra/Features/SystemEmulation/ghidra_scripts
    /opt/ghidra/Ghidra/Features/GnuDemangler/ghidra_scripts
    /opt/ghidra/Ghidra/Features/WildcardAssembler/ghidra_scripts
    /opt/ghidra/Ghidra/Processors/DATA/ghidra_scripts
    /opt/ghidra/Ghidra/Features/DecompilerDependent/ghidra_scripts
    /opt/ghidra/Ghidra/Processors/JVM/ghidra_scripts
    /opt/ghidra/Ghidra/Debug/Debugger-rmi-trace/ghidra_scripts
    /opt/ghidra/Ghidra/Features/MicrosoftCodeAnalyzer/ghidra_scripts
    /opt/ghidra/Ghidra/Features/VersionTracking/ghidra_scripts
    /opt/ghidra/Ghidra/Features/PyGhidra/ghidra_scripts
    /opt/ghidra/Ghidra/Features/SwiftDemangler/ghidra_scripts
    /opt/ghidra/Ghidra/Features/Base/ghidra_scripts
    /opt/ghidra/Ghidra/Processors/Atmel/ghidra_scripts
    /opt/ghidra/Ghidra/Debug/Debugger/ghidra_scripts
    /opt/ghidra/Ghidra/Features/Decompiler/ghidra_scripts
    /opt/ghidra/Ghidra/Features/FunctionID/ghidra_scripts
    /opt/ghidra/Ghidra/Features/PDB/ghidra_scripts
    /opt/ghidra/Ghidra/Processors/8051/ghidra_scripts
    /opt/ghidra/Ghidra/Processors/PIC/ghidra_scripts
    /opt/ghidra/Ghidra/Features/FileFormats/ghidra_scripts
    /opt/ghidra/Ghidra/Features/BSim/ghidra_scripts
    /opt/ghidra/Ghidra/Features/BytePatterns/ghidra_scripts (HeadlessAnalyzer)  
INFO  HEADLESS: execution starts (HeadlessAnalyzer)  
INFO  Creating project: /home/dgcarr/mongoose_driver/analysis/ghidra_project/MongooseJLR (HeadlessAnalyzer)  
INFO  Creating project: /home/dgcarr/mongoose_driver/analysis/ghidra_project/MongooseJLR (DefaultProject)  
INFO  REPORT: Processing input files:  (HeadlessAnalyzer)  
INFO       project: /home/dgcarr/mongoose_driver/analysis/ghidra_project/MongooseJLR (HeadlessAnalyzer)  
INFO  IMPORTING: file:///home/dgcarr/mongoose_driver/vendor/driver/monpj432.dll (HeadlessAnalyzer)  
INFO  Using Loader: Portable Executable (PE) (ProgramLoader)  
INFO  Using Language/Compiler: x86:LE:32:default:windows (ProgramLoader)  
INFO  Using Library Search Path: [., /bin, /lib, /lib64, /lib/x86_64-linux-gnu, /lib/aarch64-linux-gnu, /usr/bin, /usr/lib, /usr/X11R6/bin, /usr/X11R6/lib, /usr/java/packages/lib, /usr/lib64] (ProgramLoader)  
WARN  Invalid or missing function at 100a094c (ExportDataDirectory)  
INFO  Additional info:
Loading file:///home/dgcarr/mongoose_driver/vendor/driver/monpj432.dll?MD5=d5614a8d8bf78bb345f31eb8cf3fb991...
[monpj432.dll]: failed to create TerminatedCString at 10257788: Failed to resolve data length for TerminatedCString
------------------------------------------------

Searching 7 paths for library ADVAPI32.DLL...
Library not found.
------------------------------------------------

Searching 7 paths for library KERNEL32.DLL...
Library not found.
------------------------------------------------

Searching 7 paths for library MFC100U.DLL...
Library not found.
------------------------------------------------

Searching 7 paths for library MSVCP100.DLL...
Library not found.
------------------------------------------------

Searching 7 paths for library MSVCR100.DLL...
Library not found.
------------------------------------------------

Searching 7 paths for library SETUPAPI.DLL...
Library not found.
------------------------------------------------

Searching 7 paths for library USER32.DLL...
Library not found.
------------------------------------------------

Searching 7 paths for library WSOCK32.DLL...
Library not found.
------------------------------------------------

Applying /opt/ghidra/Ghidra/Features/Base/data/symbols/win32/mfc100u.exports
Linking the External Programs of 'monpj432.dll' to imported libraries...
  [SETUPAPI.DLL] -> not found in project
  [MSVCP100.DLL] -> not found in project
  [MFC100U.DLL] -> not found in project
  [MSVCR100.DLL] -> not found in project
  [KERNEL32.DLL] -> not found in project
  [USER32.DLL] -> not found in project
  [ADVAPI32.DLL] -> not found in project
  [WSOCK32.DLL] -> not found in project
------------------------------------------------

 (ProgramLoader)  
INFO  IMPORTING: Loaded 0 additional files (HeadlessAnalyzer)  
INFO  ANALYZING all memory and code: file:///home/dgcarr/mongoose_driver/vendor/driver/monpj432.dll (HeadlessAnalyzer)  
WARN  Ignoring leading '_' chars on no-return name '___raise_securityfailure' specified in file: /opt/ghidra/Ghidra/Features/Base/data/PEFunctionsThatDoNotReturn (NoReturnFunctionAnalyzer)  
WARN  Ignoring leading '_' chars on no-return name '___report_rangecheckfailure' specified in file: /opt/ghidra/Ghidra/Features/Base/data/PEFunctionsThatDoNotReturn (NoReturnFunctionAnalyzer)  
INFO  Skipping PDB processing: failed to locate PDB file in configured locations (PdbUniversalAnalyzer)  
INFO  Use a script to set the PDB file location. I.e.,
    PdbAnalyzer.setPdbFileOption(currentProgram, new File("/path/to/pdb/file.pdb")); or
    PdbUniversalAnalyzer.setPdbFileOption(currentProgram, new File("/path/to/pdb/file.pdb"));
Or set the symbol server search configuration using:    PdbPlugin.saveSymbolServerServiceConfig(...);
 This must be done using a pre-script (prior to analysis). (PdbUniversalAnalyzer)  
INFO  Packed database cache: /home/dgcarr/.cache/ghidra/packed-db-cache (PackedDatabaseCache)  
INFO  hit non-returning function, restarting decompiler switch analyzer later (DecompilerSwitchAnalyzer)  
WARN  Decompiling 1003a2c0: Unable to read bytes at ram:03020100 (DecompileCallback)  
INFO  Applied data type archive: windows_vs12_32 (ApplyDataArchiveAnalyzer)  
INFO  Applied data type archive: windows_vs12_32 (ApplyDataArchiveAnalyzer)  
INFO  -----------------------------------------------------
    ASCII Strings                              1.369 secs
    Apply Data Archives                        0.723 secs
    Call Convention ID                         0.007 secs
    Call-Fixup Installer                       1.212 secs
    Create Address Tables                      0.421 secs
    Create Address Tables - One Time           0.448 secs
    Create Function                            1.306 secs
    Data Reference                             0.729 secs
    Decompiler Switch Analysis                21.869 secs
    Decompiler Switch Analysis - One Time      7.342 secs
    Demangler Microsoft                        1.281 secs
    Disassemble                                4.257 secs
    Disassemble Entry Points                   1.585 secs
    Embedded Media                             0.076 secs
    External Entry References                  0.001 secs
    Function ID                                4.022 secs
    Function Start Pre Search                  0.048 secs
    Function Start Search                      0.746 secs
    Function Start Search After Code           0.150 secs
    Function Start Search After Data           0.562 secs
    Non-Returning Functions - Discovered       1.411 secs
    Non-Returning Functions - Known            0.029 secs
    PDB Universal                              0.041 secs
    Reference                                  0.972 secs
    Scalar Operand References                  4.133 secs
    Shared Return Calls                        1.074 secs
    Stack                                     15.270 secs
    Subroutine References                      0.613 secs
    Subroutine References - One Time           0.079 secs
    Windows x86 PE Exception Handling         18.418 secs
    Windows x86 PE RTTI Analyzer               4.351 secs
    Windows x86 Thread Environment Block (TEB) Analyzer     0.045 secs
    WindowsResourceReference                   9.967 secs
    X86 Function Callee Purge                  1.853 secs
    x86 Constant Reference Analyzer           13.180 secs
-----------------------------------------------------
     Total Time   119 secs
-----------------------------------------------------
 (AutoAnalysisManager)  
INFO  REPORT: Analysis succeeded for file: file:///home/dgcarr/mongoose_driver/vendor/driver/monpj432.dll (HeadlessAnalyzer)  
INFO  /monpj432.dll: file created (dgcarr) (LocalFileSystem)  
INFO  REPORT: Save succeeded for: /monpj432.dll (MongooseJLR:/monpj432.dll) (HeadlessAnalyzer)  
INFO  REPORT: Import succeeded (HeadlessAnalyzer)  
