openjdk version "26.0.2.1" 2026-08-18
OpenJDK Runtime Environment (build 26.0.2.1)
OpenJDK 64-Bit Server VM (build 26.0.2.1, mixed mode)
INFO  Using log config file: jar:file:/opt/ghidra/Ghidra/Framework/Generic/lib/Generic.jar!/generic.log4j.xml (LoggingInitialization)  
INFO  Using log file: /home/dgcarr/.config/ghidra/ghidra_12.1.2_DEV/application.log (LoggingInitialization)  
INFO  Loading user preferences: /home/dgcarr/.config/ghidra/ghidra_12.1.2_DEV/preferences (Preferences)  
INFO  Searching for classes... (ClassSearcher)  
INFO  Class search complete (2087 ms) (ClassSearcher)  
WARNING: Final field name in class ghidra.util.charset.CharsetInfo has been mutated reflectively by class com.google.gson.internal.bind.ReflectiveTypeAdapterFactory$2 in unnamed module @4738a206 (file:/opt/ghidra/Ghidra/Framework/Generic/lib/gson-2.13.2.jar)
WARNING: Use --enable-final-field-mutation=ALL-UNNAMED to avoid a warning
WARNING: Mutating final fields will be blocked in a future release unless final field mutation is enabled
INFO  Initializing SSL Context (DefaultSSLContextInitializer)  
INFO  Initializing Random Number Generator... (SecureRandomFactory)  
INFO  Random Number Generator initialization complete: NativePRNGNonBlocking (SecureRandomFactory)  
INFO  Trust manager disabled, cacerts have not been set (DefaultTrustManagerFactory)  
INFO  Headless startup complete (6463 ms) (AnalyzeHeadless)  
INFO  Class searcher loaded 59 extension points (20 false positives) (ClassSearcher)  
WARNING: A terminally deprecated method in sun.misc.Unsafe has been called
WARNING: sun.misc.Unsafe::staticFieldOffset has been called by org.apache.felix.framework.util.SecureAction (file:/opt/ghidra/Ghidra/Features/Base/lib/org.apache.felix.framework-7.0.5.jar)
WARNING: Please consider reporting this to the maintainers of class org.apache.felix.framework.util.SecureAction
WARNING: sun.misc.Unsafe::staticFieldOffset will be removed in a future release
INFO  HEADLESS Script Paths:
    /opt/ghidra/Ghidra/Features/SystemEmulation/ghidra_scripts
    /opt/ghidra/Ghidra/Features/GnuDemangler/ghidra_scripts
    /opt/ghidra/Ghidra/Features/WildcardAssembler/ghidra_scripts
    /opt/ghidra/Ghidra/Processors/DATA/ghidra_scripts
    /opt/ghidra/Ghidra/Features/DecompilerDependent/ghidra_scripts
    /opt/ghidra/Ghidra/Processors/JVM/ghidra_scripts
    /opt/ghidra/Ghidra/Debug/Debugger-rmi-trace/ghidra_scripts
    /opt/ghidra/Ghidra/Features/MicrosoftCodeAnalyzer/ghidra_scripts
    /opt/ghidra/Ghidra/Features/VersionTracking/ghidra_scripts
    /opt/ghidra/Ghidra/Features/PyGhidra/ghidra_scripts
    /opt/ghidra/Ghidra/Features/SwiftDemangler/ghidra_scripts
    /opt/ghidra/Ghidra/Features/Base/ghidra_scripts
    /opt/ghidra/Ghidra/Processors/Atmel/ghidra_scripts
    /opt/ghidra/Ghidra/Debug/Debugger/ghidra_scripts
    /opt/ghidra/Ghidra/Features/Decompiler/ghidra_scripts
    /opt/ghidra/Ghidra/Features/FunctionID/ghidra_scripts
    /home/dgcarr/mongoose_driver/analysis
    /opt/ghidra/Ghidra/Features/PDB/ghidra_scripts
    /opt/ghidra/Ghidra/Processors/8051/ghidra_scripts
    /opt/ghidra/Ghidra/Processors/PIC/ghidra_scripts
    /opt/ghidra/Ghidra/Features/FileFormats/ghidra_scripts
    /opt/ghidra/Ghidra/Features/BSim/ghidra_scripts
    /opt/ghidra/Ghidra/Features/BytePatterns/ghidra_scripts (HeadlessAnalyzer)  
INFO  HEADLESS: execution starts (HeadlessAnalyzer)  
INFO  Opening existing project: /home/dgcarr/mongoose_driver/analysis/ghidra_project/MongooseJLR (HeadlessAnalyzer)  
INFO  Opening project: /home/dgcarr/mongoose_driver/analysis/ghidra_project/MongooseJLR (HeadlessProject)  
INFO  REPORT: Processing project file: /monpj432.dll (HeadlessAnalyzer)  
INFO  ANALYZING all memory and code: /monpj432.dll (HeadlessAnalyzer)  
WARN  Ignoring leading '_' chars on no-return name '___raise_securityfailure' specified in file: /opt/ghidra/Ghidra/Features/Base/data/PEFunctionsThatDoNotReturn (NoReturnFunctionAnalyzer)  
WARN  Ignoring leading '_' chars on no-return name '___report_rangecheckfailure' specified in file: /opt/ghidra/Ghidra/Features/Base/data/PEFunctionsThatDoNotReturn (NoReturnFunctionAnalyzer)  
INFO  Skipping PDB processing: failed to locate PDB file in configured locations (PdbUniversalAnalyzer)  
INFO  Use a script to set the PDB file location. I.e.,
    PdbAnalyzer.setPdbFileOption(currentProgram, new File("/path/to/pdb/file.pdb")); or
    PdbUniversalAnalyzer.setPdbFileOption(currentProgram, new File("/path/to/pdb/file.pdb"));
Or set the symbol server search configuration using:    PdbPlugin.saveSymbolServerServiceConfig(...);
 This must be done using a pre-script (prior to analysis). (PdbUniversalAnalyzer)  
INFO  Packed database cache: /home/dgcarr/.cache/ghidra/packed-db-cache (PackedDatabaseCache)  
INFO  Applied data type archive: windows_vs12_32 (ApplyDataArchiveAnalyzer)  
INFO  -----------------------------------------------------
    ASCII Strings                              2.112 secs
    Apply Data Archives                        1.543 secs
    Call Convention ID                         0.196 secs
    Call-Fixup Installer                       0.094 secs
    Create Address Tables                      0.670 secs
    Create Function                            0.000 secs
    Data Reference                             0.696 secs
    Decompiler Switch Analysis                31.777 secs
    Demangler Microsoft                        0.763 secs
    Disassemble Entry Points                   0.839 secs
    Embedded Media                             0.180 secs
    External Entry References                  0.001 secs
    Function ID                                5.039 secs
    Function Start Pre Search                  0.093 secs
    Function Start Search                      1.354 secs
    Function Start Search After Code           1.454 secs
    Function Start Search After Data           0.876 secs
    Non-Returning Functions - Discovered       2.284 secs
    Non-Returning Functions - Known            0.186 secs
    PDB Universal                              0.046 secs
    Reference                                  1.139 secs
    Scalar Operand References                  4.081 secs
    Shared Return Calls                        1.252 secs
    Stack                                      4.598 secs
    Subroutine References                      1.418 secs
    Windows x86 PE Exception Handling          1.032 secs
    Windows x86 PE RTTI Analyzer               0.000 secs
    Windows x86 Thread Environment Block (TEB) Analyzer     0.001 secs
    WindowsResourceReference                   0.928 secs
    X86 Function Callee Purge                  0.208 secs
    x86 Constant Reference Analyzer           13.408 secs
-----------------------------------------------------
     Total Time   78 secs
-----------------------------------------------------
 (AutoAnalysisManager)  
INFO  REPORT: Analysis succeeded for file: /monpj432.dll (HeadlessAnalyzer)  
INFO  REPORT: Execute script: ExtractProtocol.java  (HeadlessAnalyzer)  
INFO  SCRIPT: /home/dgcarr/mongoose_driver/analysis/ExtractProtocol.java (HeadlessAnalyzer)  
INFO  ExtractProtocol.java> wrote /home/dgcarr/mongoose_driver/analysis/decompiled/PassThruOpen.c (GhidraScript)  
INFO  ExtractProtocol.java> wrote /home/dgcarr/mongoose_driver/analysis/decompiled/PassThruClose.c (GhidraScript)  
INFO  ExtractProtocol.java> wrote /home/dgcarr/mongoose_driver/analysis/decompiled/PassThruConnect.c (GhidraScript)  
INFO  ExtractProtocol.java> wrote /home/dgcarr/mongoose_driver/analysis/decompiled/PassThruDisconnect.c (GhidraScript)  
INFO  ExtractProtocol.java> wrote /home/dgcarr/mongoose_driver/analysis/decompiled/PassThruReadMsgs.c (GhidraScript)  
INFO  ExtractProtocol.java> wrote /home/dgcarr/mongoose_driver/analysis/decompiled/PassThruWriteMsgs.c (GhidraScript)  
INFO  ExtractProtocol.java> wrote /home/dgcarr/mongoose_driver/analysis/decompiled/PassThruIoctl.c (GhidraScript)  
INFO  ExtractProtocol.java> wrote /home/dgcarr/mongoose_driver/analysis/decompiled/PassThruReadVersion.c (GhidraScript)  
INFO  ExtractProtocol.java> wrote /home/dgcarr/mongoose_driver/analysis/decompiled/PassThruReadDetails.c (GhidraScript)  
INFO  ExtractProtocol.java> string "Failed - UEB no response from ECU after 5 Baud" -> function FUN_1001b800 @ 1001b800 (GhidraScript)  
INFO  ExtractProtocol.java> wrote /home/dgcarr/mongoose_driver/analysis/decompiled/strref_FUN_1001b800_1001b800.c (GhidraScript)  
INFO  ExtractProtocol.java> string "DT_SNIFF_MODE, K_LINE_ONLY and CHECKSUM_DISABLED are the onl" -> function FUN_100289b0 @ 100289b0 (GhidraScript)  
INFO  ExtractProtocol.java> wrote /home/dgcarr/mongoose_driver/analysis/decompiled/strref_FUN_100289b0_100289b0.c (GhidraScript)  
INFO  ExtractProtocol.java> string "DT_SNIFF_MODE, K_LINE_ONLY and CHECKSUM_DISABLED are the onl" -> function FUN_10028cc0 @ 10028cc0 (GhidraScript)  
INFO  ExtractProtocol.java> wrote /home/dgcarr/mongoose_driver/analysis/decompiled/strref_FUN_10028cc0_10028cc0.c (GhidraScript)  
INFO  ExtractProtocol.java> string "K_LINE_ONLY and CHECKSUM_DISABLED are the only valid Connect" -> function FUN_10028fc0 @ 10028fc0 (GhidraScript)  
INFO  ExtractProtocol.java> wrote /home/dgcarr/mongoose_driver/analysis/decompiled/strref_FUN_10028fc0_10028fc0.c (GhidraScript)  
INFO  ExtractProtocol.java> string "K_LINE_ONLY and CHECKSUM_DISABLED are the only valid Connect" -> function FUN_10029230 @ 10029230 (GhidraScript)  
INFO  ExtractProtocol.java> wrote /home/dgcarr/mongoose_driver/analysis/decompiled/strref_FUN_10029230_10029230.c (GhidraScript)  
INFO  ExtractProtocol.java> string "K_LINE_ONLY and CHECKSUM_DISABLED are the only valid Connect" -> function FUN_100294a0 @ 100294a0 (GhidraScript)  
INFO  ExtractProtocol.java> wrote /home/dgcarr/mongoose_driver/analysis/decompiled/strref_FUN_100294a0_100294a0.c (GhidraScript)  
INFO  ExtractProtocol.java> string "Waiting for 5 Baud Init response" -> function FUN_1002a700 @ 1002a700 (GhidraScript)  
INFO  ExtractProtocol.java> wrote /home/dgcarr/mongoose_driver/analysis/decompiled/strref_FUN_1002a700_1002a700.c (GhidraScript)  
INFO  ExtractProtocol.java> string "DT_SNIFF_MODE and CHECKSUM_DISABLED are the only valid Conne" -> function FUN_1002de00 @ 1002de00 (GhidraScript)  
INFO  ExtractProtocol.java> wrote /home/dgcarr/mongoose_driver/analysis/decompiled/strref_FUN_1002de00_1002de00.c (GhidraScript)  
INFO  ExtractProtocol.java> string "CHECKSUM_DISABLED" -> function FUN_100384d0 @ 100384d0 (GhidraScript)  
INFO  ExtractProtocol.java> wrote /home/dgcarr/mongoose_driver/analysis/decompiled/strref_FUN_100384d0_100384d0.c (GhidraScript)  
INFO  ExtractProtocol.java> string "DT_ISO_INIT_BAUD" -> function FUN_10038b70 @ 10038b70 (GhidraScript)  
INFO  ExtractProtocol.java> wrote /home/dgcarr/mongoose_driver/analysis/decompiled/strref_FUN_10038b70_10038b70.c (GhidraScript)  
INFO  ExtractProtocol.java> string "cJumpToFirmware" -> function FUN_1003b080 @ 1003b080 (GhidraScript)  
INFO  ExtractProtocol.java> wrote /home/dgcarr/mongoose_driver/analysis/decompiled/strref_FUN_1003b080_1003b080.c (GhidraScript)  
INFO  ExtractProtocol.java> string "  BT Serial port has seen:" -> function FUN_1006ab10 @ 1006ab10 (GhidraScript)  
INFO  ExtractProtocol.java> wrote /home/dgcarr/mongoose_driver/analysis/decompiled/strref_FUN_1006ab10_1006ab10.c (GhidraScript)  
INFO  ExtractProtocol.java> string "Buffer is hosed. nBytesResp=%d is too small for wire protoco" -> function FUN_1006d810 @ 1006d810 (GhidraScript)  
INFO  ExtractProtocol.java> wrote /home/dgcarr/mongoose_driver/analysis/decompiled/strref_FUN_1006d810_1006d810.c (GhidraScript)  
INFO  ExtractProtocol.java> string "Buffer is hosed. nBytesResp=%d is too small for wire protoco" -> function FUN_1006d9b0 @ 1006d9b0 (GhidraScript)  
INFO  ExtractProtocol.java> wrote /home/dgcarr/mongoose_driver/analysis/decompiled/strref_FUN_1006d9b0_1006d9b0.c (GhidraScript)  
INFO  ExtractProtocol.java> Matched 15 interesting string occurrences, decompiled 14 referencing functions (GhidraScript)  
INFO  ANALYZING changes made by post scripts: /monpj432.dll (HeadlessAnalyzer)  
INFO  REPORT: Post-analysis succeeded for file: /monpj432.dll (HeadlessAnalyzer)  
INFO  REPORT: Save succeeded for processed file: /monpj432.dll (HeadlessAnalyzer)  
