openjdk version "26.0.2.1" 2026-08-18
OpenJDK Runtime Environment (build 26.0.2.1)
OpenJDK 64-Bit Server VM (build 26.0.2.1, mixed mode)
INFO  Using log config file: jar:file:/opt/ghidra/Ghidra/Framework/Generic/lib/Generic.jar!/generic.log4j.xml (LoggingInitialization)  
INFO  Using log file: /home/dgcarr/.config/ghidra/ghidra_12.1.2_DEV/application.log (LoggingInitialization)  
INFO  Loading user preferences: /home/dgcarr/.config/ghidra/ghidra_12.1.2_DEV/preferences (Preferences)  
INFO  Searching for classes... (ClassSearcher)  
INFO  Class search complete (1941 ms) (ClassSearcher)  
WARNING: Final field name in class ghidra.util.charset.CharsetInfo has been mutated reflectively by class com.google.gson.internal.bind.ReflectiveTypeAdapterFactory$2 in unnamed module @4738a206 (file:/opt/ghidra/Ghidra/Framework/Generic/lib/gson-2.13.2.jar)
WARNING: Use --enable-final-field-mutation=ALL-UNNAMED to avoid a warning
WARNING: Mutating final fields will be blocked in a future release unless final field mutation is enabled
INFO  Initializing SSL Context (DefaultSSLContextInitializer)  
INFO  Initializing Random Number Generator... (SecureRandomFactory)  
INFO  Random Number Generator initialization complete: NativePRNGNonBlocking (SecureRandomFactory)  
INFO  Trust manager disabled, cacerts have not been set (DefaultTrustManagerFactory)  
INFO  Headless startup complete (5841 ms) (AnalyzeHeadless)  
INFO  Class searcher loaded 59 extension points (20 false positives) (ClassSearcher)  
WARNING: A terminally deprecated method in sun.misc.Unsafe has been called
WARNING: sun.misc.Unsafe::staticFieldOffset has been called by org.apache.felix.framework.util.SecureAction (file:/opt/ghidra/Ghidra/Features/Base/lib/org.apache.felix.framework-7.0.5.jar)
WARNING: Please consider reporting this to the maintainers of class org.apache.felix.framework.util.SecureAction
WARNING: sun.misc.Unsafe::staticFieldOffset will be removed in a future release
INFO  HEADLESS Script Paths:
    /opt/ghidra/Ghidra/Features/SystemEmulation/ghidra_scripts
    /opt/ghidra/Ghidra/Features/GnuDemangler/ghidra_scripts
    /opt/ghidra/Ghidra/Features/WildcardAssembler/ghidra_scripts
    /opt/ghidra/Ghidra/Processors/DATA/ghidra_scripts
    /opt/ghidra/Ghidra/Features/DecompilerDependent/ghidra_scripts
    /opt/ghidra/Ghidra/Processors/JVM/ghidra_scripts
    /opt/ghidra/Ghidra/Debug/Debugger-rmi-trace/ghidra_scripts
    /opt/ghidra/Ghidra/Features/MicrosoftCodeAnalyzer/ghidra_scripts
    /opt/ghidra/Ghidra/Features/VersionTracking/ghidra_scripts
    /opt/ghidra/Ghidra/Features/PyGhidra/ghidra_scripts
    /opt/ghidra/Ghidra/Features/SwiftDemangler/ghidra_scripts
    /opt/ghidra/Ghidra/Features/Base/ghidra_scripts
    /opt/ghidra/Ghidra/Processors/Atmel/ghidra_scripts
    /opt/ghidra/Ghidra/Debug/Debugger/ghidra_scripts
    /opt/ghidra/Ghidra/Features/Decompiler/ghidra_scripts
    /opt/ghidra/Ghidra/Features/FunctionID/ghidra_scripts
    /home/dgcarr/mongoose_driver/analysis
    /opt/ghidra/Ghidra/Features/PDB/ghidra_scripts
    /opt/ghidra/Ghidra/Processors/8051/ghidra_scripts
    /opt/ghidra/Ghidra/Processors/PIC/ghidra_scripts
    /opt/ghidra/Ghidra/Features/FileFormats/ghidra_scripts
    /opt/ghidra/Ghidra/Features/BSim/ghidra_scripts
    /opt/ghidra/Ghidra/Features/BytePatterns/ghidra_scripts (HeadlessAnalyzer)  
INFO  HEADLESS: execution starts (HeadlessAnalyzer)  
INFO  Opening existing project: /home/dgcarr/mongoose_driver/analysis/ghidra_project/MongooseJLR (HeadlessAnalyzer)  
INFO  Opening project: /home/dgcarr/mongoose_driver/analysis/ghidra_project/MongooseJLR (HeadlessProject)  
INFO  REPORT: Processing project file: /monpj432.dll (HeadlessAnalyzer)  
INFO  ANALYZING all memory and code: /monpj432.dll (HeadlessAnalyzer)  
WARN  Ignoring leading '_' chars on no-return name '___raise_securityfailure' specified in file: /opt/ghidra/Ghidra/Features/Base/data/PEFunctionsThatDoNotReturn (NoReturnFunctionAnalyzer)  
WARN  Ignoring leading '_' chars on no-return name '___report_rangecheckfailure' specified in file: /opt/ghidra/Ghidra/Features/Base/data/PEFunctionsThatDoNotReturn (NoReturnFunctionAnalyzer)  
INFO  Skipping PDB processing: failed to locate PDB file in configured locations (PdbUniversalAnalyzer)  
INFO  Use a script to set the PDB file location. I.e.,
    PdbAnalyzer.setPdbFileOption(currentProgram, new File("/path/to/pdb/file.pdb")); or
    PdbUniversalAnalyzer.setPdbFileOption(currentProgram, new File("/path/to/pdb/file.pdb"));
Or set the symbol server search configuration using:    PdbPlugin.saveSymbolServerServiceConfig(...);
 This must be done using a pre-script (prior to analysis). (PdbUniversalAnalyzer)  
INFO  Packed database cache: /home/dgcarr/.cache/ghidra/packed-db-cache (PackedDatabaseCache)  
INFO  Applied data type archive: windows_vs12_32 (ApplyDataArchiveAnalyzer)  
INFO  -----------------------------------------------------
    ASCII Strings                              2.050 secs
    Apply Data Archives                        1.640 secs
    Call Convention ID                         0.150 secs
    Call-Fixup Installer                       0.107 secs
    Create Address Tables                      0.579 secs
    Create Function                            0.039 secs
    Data Reference                             0.518 secs
    Decompiler Switch Analysis                45.317 secs
    Demangler Microsoft                        0.590 secs
    Disassemble Entry Points                   0.907 secs
    Embedded Media                             0.055 secs
    External Entry References                  0.002 secs
    Function ID                                5.459 secs
    Function Start Pre Search                  0.114 secs
    Function Start Search                      2.484 secs
    Function Start Search After Code           0.555 secs
    Function Start Search After Data           1.127 secs
    Non-Returning Functions - Discovered       2.232 secs
    Non-Returning Functions - Known            0.179 secs
    PDB Universal                              0.046 secs
    Reference                                  1.262 secs
    Scalar Operand References                  6.204 secs
    Shared Return Calls                        1.616 secs
    Stack                                      3.641 secs
    Subroutine References                      1.471 secs
    Windows x86 PE Exception Handling          1.278 secs
    Windows x86 PE RTTI Analyzer               0.001 secs
    Windows x86 Thread Environment Block (TEB) Analyzer     0.000 secs
    WindowsResourceReference                   1.565 secs
    X86 Function Callee Purge                  0.270 secs
    x86 Constant Reference Analyzer           21.109 secs
-----------------------------------------------------
     Total Time   102 secs
-----------------------------------------------------
 (AutoAnalysisManager)  
INFO  REPORT: Analysis succeeded for file: /monpj432.dll (HeadlessAnalyzer)  
INFO  REPORT: Execute script: extract_protocol.py  (HeadlessAnalyzer)  
ERROR REPORT SCRIPT ERROR: extract_protocol.py : Ghidra was not started with PyGhidra. Python is not available (HeadlessAnalyzer) ghidra.app.script.GhidraScriptLoadException: Ghidra was not started with PyGhidra. Python is not available
	at ghidra.pyghidra.PyGhidraScriptProvider.getScriptInstance(PyGhidraScriptProvider.java:75)
	at ghidra.app.util.headless.HeadlessAnalyzer.runScriptsList(HeadlessAnalyzer.java:927)
	at ghidra.app.util.headless.HeadlessAnalyzer.analyzeProgram(HeadlessAnalyzer.java:1097)
	at ghidra.app.util.headless.HeadlessAnalyzer.processFileNoImport(HeadlessAnalyzer.java:1195)
	at ghidra.app.util.headless.HeadlessAnalyzer.processFolderNoImport(HeadlessAnalyzer.java:1367)
	at ghidra.app.util.headless.HeadlessAnalyzer.processNoImport(HeadlessAnalyzer.java:1396)
	at ghidra.app.util.headless.HeadlessAnalyzer.processLocal(HeadlessAnalyzer.java:461)
	at ghidra.app.util.headless.AnalyzeHeadless.launch(AnalyzeHeadless.java:199)
	at ghidra.GhidraLauncher.launch(GhidraLauncher.java:81)
	at ghidra.Ghidra.main(Ghidra.java:54)
 
INFO  ANALYZING changes made by post scripts: /monpj432.dll (HeadlessAnalyzer)  
INFO  REPORT: Post-analysis succeeded for file: /monpj432.dll (HeadlessAnalyzer)  
INFO  REPORT: Save succeeded for processed file: /monpj432.dll (HeadlessAnalyzer)  
