Picked up _JAVA_OPTIONS: -Duser.home=/home/dgcarr/snap/ghidra/47 -Djava.io.tmpdir=/home/dgcarr/snap/ghidra/47/tmp -Dapplication.tempdir=/home/dgcarr/snap/ghidra/47/tmp -Dapplication.cachedir=/home/dgcarr/snap/ghidra/47/tmp
Picked up _JAVA_OPTIONS: -Duser.home=/home/dgcarr/snap/ghidra/47 -Djava.io.tmpdir=/home/dgcarr/snap/ghidra/47/tmp -Dapplication.tempdir=/home/dgcarr/snap/ghidra/47/tmp -Dapplication.cachedir=/home/dgcarr/snap/ghidra/47/tmp
Picked up _JAVA_OPTIONS: -Duser.home=/home/dgcarr/snap/ghidra/47 -Djava.io.tmpdir=/home/dgcarr/snap/ghidra/47/tmp -Dapplication.tempdir=/home/dgcarr/snap/ghidra/47/tmp -Dapplication.cachedir=/home/dgcarr/snap/ghidra/47/tmp
Picked up _JAVA_OPTIONS: -Duser.home=/home/dgcarr/snap/ghidra/47 -Djava.io.tmpdir=/home/dgcarr/snap/ghidra/47/tmp -Dapplication.tempdir=/home/dgcarr/snap/ghidra/47/tmp -Dapplication.cachedir=/home/dgcarr/snap/ghidra/47/tmp
openjdk version "21.0.11" 2026-04-21
OpenJDK Runtime Environment (build 21.0.11+10-1-22.04.2-Ubuntu)
OpenJDK 64-Bit Server VM (build 21.0.11+10-1-22.04.2-Ubuntu, mixed mode)
INFO  Using log config file: jar:file:/snap/ghidra/47/ghidra/Ghidra/Framework/Generic/lib/Generic.jar!/generic.log4j.xml (LoggingInitialization)  
INFO  Using log file: /home/dgcarr/snap/ghidra/47/.config/ghidra/ghidra_12.1.2_PUBLIC/application.log (LoggingInitialization)  
INFO  Loading user preferences: /home/dgcarr/snap/ghidra/47/.config/ghidra/ghidra_12.1.2_PUBLIC/preferences (Preferences)  
INFO  Searching for classes... (ClassSearcher)  
INFO  Class search complete (844 ms) (ClassSearcher)  
INFO  Initializing SSL Context (DefaultSSLContextInitializer)  
INFO  Initializing Random Number Generator... (SecureRandomFactory)  
INFO  Random Number Generator initialization complete: NativePRNGNonBlocking (SecureRandomFactory)  
INFO  Trust manager disabled, cacerts have not been set (DefaultTrustManagerFactory)  
ERROR Failed to get java FileStore for path /home/dgcarr/snap/ghidra/47/tmp/ghidra/fscache2, will be unable to check free/available space. (FileCache)  
INFO  Headless startup complete (1925 ms) (AnalyzeHeadless)  
INFO  Class searcher loaded 59 extension points (20 false positives) (ClassSearcher)  
INFO  HEADLESS Script Paths:
    /snap/ghidra/47/ghidra/Ghidra/Features/FunctionID/ghidra_scripts
    /snap/ghidra/47/ghidra/Ghidra/Features/WildcardAssembler/ghidra_scripts
    /snap/ghidra/47/ghidra/Ghidra/Features/BytePatterns/ghidra_scripts
    /snap/ghidra/47/ghidra/Ghidra/Features/Decompiler/ghidra_scripts
    /snap/ghidra/47/ghidra/Ghidra/Features/Base/ghidra_scripts
    /snap/ghidra/47/ghidra/Ghidra/Debug/Debugger-rmi-trace/ghidra_scripts
    /snap/ghidra/47/ghidra/Ghidra/Features/DecompilerDependent/ghidra_scripts
    /snap/ghidra/47/ghidra/Ghidra/Features/SwiftDemangler/ghidra_scripts
    /snap/ghidra/47/ghidra/Ghidra/Features/PDB/ghidra_scripts
    /snap/ghidra/47/ghidra/Ghidra/Processors/DATA/ghidra_scripts
    /snap/ghidra/47/ghidra/Ghidra/Features/SystemEmulation/ghidra_scripts
    /snap/ghidra/47/ghidra/Ghidra/Processors/JVM/ghidra_scripts
    /snap/ghidra/47/ghidra/Ghidra/Debug/Debugger/ghidra_scripts
    /snap/ghidra/47/ghidra/Ghidra/Features/BSim/ghidra_scripts
    /snap/ghidra/47/ghidra/Ghidra/Processors/PIC/ghidra_scripts
    /snap/ghidra/47/ghidra/Ghidra/Processors/Atmel/ghidra_scripts
    /snap/ghidra/47/ghidra/Ghidra/Processors/8051/ghidra_scripts
    /home/dgcarr/mongoose_driver/analysis
    /snap/ghidra/47/ghidra/Ghidra/Features/PyGhidra/ghidra_scripts
    /snap/ghidra/47/ghidra/Ghidra/Features/VersionTracking/ghidra_scripts
    /snap/ghidra/47/ghidra/Ghidra/Features/MicrosoftCodeAnalyzer/ghidra_scripts
    /snap/ghidra/47/ghidra/Ghidra/Features/FileFormats/ghidra_scripts
    /snap/ghidra/47/ghidra/Ghidra/Features/GnuDemangler/ghidra_scripts (HeadlessAnalyzer)  
INFO  HEADLESS: execution starts (HeadlessAnalyzer)  
INFO  Opening existing project: /home/dgcarr/mongoose_driver/analysis/ghidra_project/MongooseJLR (HeadlessAnalyzer)  
INFO  Opening project: /home/dgcarr/mongoose_driver/analysis/ghidra_project/MongooseJLR (HeadlessProject)  
INFO  REPORT: Processing read-only project file: /monpj432.dll (HeadlessAnalyzer)  
INFO  REPORT: Execute script: ExtractOpenSequence.java '/home/dgcarr/mongoose_driver/analysis/decompiled/channel' '1000b300' '1000e590' '1000b870' '1006b6e0'  (HeadlessAnalyzer)  
INFO  SCRIPT: /home/dgcarr/mongoose_driver/analysis/ExtractOpenSequence.java (HeadlessAnalyzer)  
INFO  ExtractOpenSequence.java> Exported 1000b2c0 (GhidraScript)  
INFO  ExtractOpenSequence.java> Exported 1000e580 (GhidraScript)  
INFO  ExtractOpenSequence.java> Exported 1000b790 (GhidraScript)  
INFO  ExtractOpenSequence.java> Exported 1006b6e0 (GhidraScript)  
